// Jest Snapshot v1, https://goo.gl/fbAQLP

exports[`command-processor processCommand sends an ADDED_TODO event when a correct ADD_TODO command was received 1`] = `
Object {
  "createdAt": Any<Number>,
  "data": Object {
    "title": "Create a test todo",
  },
  "eventId": Any<String>,
  "eventType": "ADDED_TODO",
}
`;
