// Jest Snapshot v1, https://goo.gl/fbAQLP

exports[`socketAuthentication works correctly with a session and a user 1`] = `
[MockFunction] {
  "calls": Array [
    Array [],
  ],
  "results": Array [
    Object {
      "isThrow": false,
      "value": undefined,
    },
  ],
}
`;
