// Jest Snapshot v1, https://goo.gl/fbAQLP

exports[`log will throw if event is not in a correct schema 1`] = `"Unknown event: undefined"`;
