// Jest Snapshot v1, https://goo.gl/fbAQLP

exports[`DetailsExtractor extracts labels and tracked times 1`] = `
Object {
  "labels": Array [
    "#label",
  ],
  "text": "wait for this nice label do you?",
  "trackedTimes": Array [
    Object {
      "date": "2018-09-18 14:06:00",
      "trackedTime": "00:20:00",
      "tracker": "Steve",
    },
  ],
}
`;

exports[`DetailsExtractor returns undefined labels and tracked times 1`] = `
Object {
  "labels": Array [],
  "text": "wait for this nice label do you?",
  "trackedTimes": Array [],
}
`;
